// Jest Snapshot v1, https://goo.gl/fbAQLP

exports[`Cartlistmodal match with snapshot with Cartlistmodal 1`] = `
<div>
  <cartlist-stub></cartlist-stub>
</div>
`;
